// Jest Snapshot v1, https://goo.gl/fbAQLP

exports[`Footer snapshot matches the snapshot 1`] = `
<DocumentFragment>
  <footer
    class="sc-f0956a4b-0 joZgVz"
  >
    <p
      class="sc-f0956a4b-1 gaAhTs"
    >
      Copyright 2023 Hackerman
    </p>
  </footer>
</DocumentFragment>
`;
