// Jest Snapshot v1, https://goo.gl/fbAQLP

exports[`Projects page should render correctly 1`] = `
<DocumentFragment>
  .c1 {
  position: relative;
  height: -webkit-fit-content;
  height: -moz-fit-content;
  height: fit-content;
  text-align: center;
  background-color: #ededed;
  -webkit-transition: -webkit-transform 0.2s ease-in-out;
  -webkit-transition: transform 0.2s ease-in-out;
  transition: transform 0.2s ease-in-out;
}

.c1:hover {
  -webkit-transform: scale(1.02);
  -ms-transform: scale(1.02);
  transform: scale(1.02);
}

.c2 {
  position: relative;
  padding-bottom: 75%;
  overflow: hidden;
}

.c3 {
  position: absolute;
  top: 0;
  left: 0;
  width: 100%;
  height: 100%;
  object-fit: cover;
}

.c4 {
  font-size: clamp(0.8rem, 1.2vw, 1.2rem);
  font-weight: 400;
  margin: 0.6rem;
  text-transform: uppercase;
}

.c0 {
  display: grid;
  grid-template-columns: repeat(auto-fill,minmax(20rem,1fr));
  gap: 4vh 4vw;
  width: 100%;
  -webkit-box-pack: center;
  -webkit-justify-content: center;
  -ms-flex-pack: center;
  justify-content: center;
  padding: 1rem 2rem;
  margin: 3rem 0;
}

<div
    class="c0"
  >
    <div
      class="c1"
    >
      <a
        href="/projects/fifteenth-project"
      >
        <div
          class="c2"
        >
          <img
            alt="cover-image"
            class="c3"
            data-nimg="1"
            decoding="async"
            height="270"
            src="/_next/image?url=https%3A%2F%2Fimages.ctfassets.net%2Fsandie-clarke-q13Zq1Jufks-unsplash.jpg&w=1080&q=50"
            srcset="/_next/image?url=https%3A%2F%2Fimages.ctfassets.net%2Fsandie-clarke-q13Zq1Jufks-unsplash.jpg&w=640&q=50 1x, /_next/image?url=https%3A%2F%2Fimages.ctfassets.net%2Fsandie-clarke-q13Zq1Jufks-unsplash.jpg&w=1080&q=50 2x"
            style="color: transparent;"
            width="480"
          />
        </div>
        <h3
          class="c4"
        >
          Fifteenth Project
        </h3>
      </a>
    </div>
  </div>
</DocumentFragment>
`;
