// Jest Snapshot v1, https://goo.gl/fbAQLP

exports[`ContactForm component matches the snapshot 1`] = `
<DocumentFragment>
  .c3 {
  padding: 0.5rem;
  min-width: 5rem;
  background-color: #21412a;
  color: #fff;
  border: none;
  font-size: 1rem;
  -webkit-transition: background-color 0.2s;
  transition: background-color 0.2s;
  cursor: pointer;
}

.c3:hover {
  background-color: #05ac05;
}

.c3:disabled {
  color: #696767;
  cursor: not-allowed;
}

.c1 {
  padding: 10px;
  border: 1px solid #ccc;
  font-size: 1rem;
  margin: 15px 0;
  width: 100%;
  outline: none;
}

.c1:focus {
  border-color: #05ac05;
}

.c1::-webkit-input-placeholder {
  color: #aaa;
}

.c1::-moz-placeholder {
  color: #aaa;
}

.c1:-ms-input-placeholder {
  color: #aaa;
}

.c1::placeholder {
  color: #aaa;
}

.c2 {
  padding: 1rem;
  border: 1px solid #ccc;
  font-size: 1rem;
  margin: 1.5rem 0 2.5rem;
  width: 100%;
  height: 10rem;
  resize: none;
  outline: none;
}

.c2:focus {
  border-color: #05ac05;
}

.c2::-webkit-input-placeholder {
  color: #aaa;
}

.c2::-moz-placeholder {
  color: #aaa;
}

.c2:-ms-input-placeholder {
  color: #aaa;
}

.c2::placeholder {
  color: #aaa;
}

.c0 {
  width: 100%;
  margin: 2rem auto 1rem;
  display: -webkit-box;
  display: -webkit-flex;
  display: -ms-flexbox;
  display: flex;
  -webkit-flex-direction: column;
  -ms-flex-direction: column;
  flex-direction: column;
  -webkit-align-items: center;
  -webkit-box-align: center;
  -ms-flex-align: center;
  align-items: center;
}

<form
    class="c0"
  >
    <input
      class="c1"
      id="name"
      placeholder="Vārds, uzvārds"
      required=""
      type="text"
      value=""
    />
    <input
      class="c1"
      id="email"
      placeholder="Epasts"
      required=""
      type="email"
      value=""
    />
    <input
      class="c1"
      id="phone"
      placeholder="Tālrunis"
      required=""
      type="tel"
      value=""
    />
    <textarea
      class="c2"
      id="message"
      placeholder="Ievadiet ziņojumu"
      required=""
    />
    <button
      class="c3"
    >
      Sūtīt
    </button>
  </form>
  .c0 {
  display: none;
  -webkit-box-pack: center;
  -webkit-justify-content: center;
  -ms-flex-pack: center;
  justify-content: center;
  -webkit-align-items: center;
  -webkit-box-align: center;
  -ms-flex-align: center;
  align-items: center;
  position: fixed;
  bottom: 0;
  left: 0;
  right: 0;
  height: 3rem;
  background-color: #ff3333;
  color: #333;
  -webkit-transition: all 0.3s ease;
  transition: all 0.3s ease;
  z-index: 5;
}

.c1 {
  font-size: 1rem;
  font-weight: bold;
  margin: 0;
  padding: 0;
}

<div
    class="c0"
  >
    <p
      class="c1"
    />
  </div>
</DocumentFragment>
`;
