// Jest Snapshot v1, https://goo.gl/fbAQLP

exports[`MobileNav component matches the snapshot 1`] = `
<DocumentFragment>
  <nav
    class="sc-23f60e78-0 gVZxNu"
  >
    <a
      class="sc-a1402bc8-0 NAwpH"
      href="/"
    >
      SƒÅkums
    </a>
    <a
      class="sc-a1402bc8-0 NAwpH"
      href="/services"
    >
      Pakalpojumi
    </a>
    <a
      class="sc-a1402bc8-0 NAwpH"
      href="/projects"
    >
      Projekti
    </a>
    <a
      class="sc-a1402bc8-0 NAwpH"
      href="/about"
    >
      Par mums
    </a>
    <a
      class="sc-a1402bc8-0 NAwpH"
      href="/contacts"
    >
      Kontakti
    </a>
  </nav>
</DocumentFragment>
`;
