// Jest Snapshot v1, https://goo.gl/fbAQLP

exports[`Navigation component matches the snapshot 1`] = `
<DocumentFragment>
  .c3 {
  display: -webkit-box;
  display: -webkit-flex;
  display: -ms-flexbox;
  display: flex;
  -webkit-align-items: center;
  -webkit-box-align: center;
  -ms-flex-align: center;
  align-items: center;
  font-size: 1rem;
  color: #1a1a1a;
  text-transform: uppercase;
  height: 4rem;
  padding: 0 1rem;
  white-space: nowrap;
  -webkit-transition: color 0.3s ease-in-out;
  transition: color 0.3s ease-in-out;
}

.c3:hover {
  color: #696767;
}

.c2 {
  display: -webkit-box;
  display: -webkit-flex;
  display: -ms-flexbox;
  display: flex;
  -webkit-box-pack: space-around;
  -webkit-justify-content: space-around;
  -ms-flex-pack: space-around;
  justify-content: space-around;
  width: 100%;
  height: 100%;
  max-width: 48rem;
}

.c0 {
  display: -webkit-box;
  display: -webkit-flex;
  display: -ms-flexbox;
  display: flex;
  -webkit-flex-direction: column;
  -ms-flex-direction: column;
  flex-direction: column;
  -webkit-box-pack: center;
  -webkit-justify-content: center;
  -ms-flex-pack: center;
  justify-content: center;
  -webkit-align-items: center;
  -webkit-box-align: center;
  -ms-flex-align: center;
  align-items: center;
  width: 100%;
  background-color: #ededed;
  z-index: 1;
}

.c1 {
  display: -webkit-box;
  display: -webkit-flex;
  display: -ms-flexbox;
  display: flex;
  -webkit-flex-direction: column;
  -ms-flex-direction: column;
  flex-direction: column;
  -webkit-box-pack: justify;
  -webkit-justify-content: space-between;
  -ms-flex-pack: justify;
  justify-content: space-between;
  width: 100%;
  max-width: 48rem;
}

<div
    class="c0"
  >
    <header
      class="c1"
    >
      <nav
        class="c2"
      >
        <a
          class="c3"
          href="/"
        >
          SƒÅkums
        </a>
        <a
          class="c3"
          href="/services"
        >
          Pakalpojumi
        </a>
        <a
          class="c3"
          href="/projects"
        >
          Projekti
        </a>
        <a
          class="c3"
          href="/about"
        >
          Par mums
        </a>
        <a
          class="c3"
          href="/contacts"
        >
          Kontakti
        </a>
      </nav>
    </header>
  </div>
</DocumentFragment>
`;
