// Jest Snapshot v1, https://goo.gl/fbAQLP

exports[`NavItems component matches the snapshot 1`] = `
<DocumentFragment>
  .c0 {
  display: -webkit-box;
  display: -webkit-flex;
  display: -ms-flexbox;
  display: flex;
  -webkit-align-items: center;
  -webkit-box-align: center;
  -ms-flex-align: center;
  align-items: center;
  font-size: 1rem;
  color: #1a1a1a;
  text-transform: uppercase;
  height: 4rem;
  padding: 0 1rem;
  white-space: nowrap;
  -webkit-transition: color 0.3s ease-in-out;
  transition: color 0.3s ease-in-out;
}

.c0:hover {
  color: #696767;
}

<a
    class="c0"
    href="/"
  >
    SƒÅkums
  </a>
  .c0 {
  display: -webkit-box;
  display: -webkit-flex;
  display: -ms-flexbox;
  display: flex;
  -webkit-align-items: center;
  -webkit-box-align: center;
  -ms-flex-align: center;
  align-items: center;
  font-size: 1rem;
  color: #1a1a1a;
  text-transform: uppercase;
  height: 4rem;
  padding: 0 1rem;
  white-space: nowrap;
  -webkit-transition: color 0.3s ease-in-out;
  transition: color 0.3s ease-in-out;
}

.c0:hover {
  color: #696767;
}

<a
    class="c0"
    href="/services"
  >
    Pakalpojumi
  </a>
  .c0 {
  display: -webkit-box;
  display: -webkit-flex;
  display: -ms-flexbox;
  display: flex;
  -webkit-align-items: center;
  -webkit-box-align: center;
  -ms-flex-align: center;
  align-items: center;
  font-size: 1rem;
  color: #1a1a1a;
  text-transform: uppercase;
  height: 4rem;
  padding: 0 1rem;
  white-space: nowrap;
  -webkit-transition: color 0.3s ease-in-out;
  transition: color 0.3s ease-in-out;
}

.c0:hover {
  color: #696767;
}

<a
    class="c0"
    href="/projects"
  >
    Projekti
  </a>
  .c0 {
  display: -webkit-box;
  display: -webkit-flex;
  display: -ms-flexbox;
  display: flex;
  -webkit-align-items: center;
  -webkit-box-align: center;
  -ms-flex-align: center;
  align-items: center;
  font-size: 1rem;
  color: #1a1a1a;
  text-transform: uppercase;
  height: 4rem;
  padding: 0 1rem;
  white-space: nowrap;
  -webkit-transition: color 0.3s ease-in-out;
  transition: color 0.3s ease-in-out;
}

.c0:hover {
  color: #696767;
}

<a
    class="c0"
    href="/about"
  >
    Par mums
  </a>
  .c0 {
  display: -webkit-box;
  display: -webkit-flex;
  display: -ms-flexbox;
  display: flex;
  -webkit-align-items: center;
  -webkit-box-align: center;
  -ms-flex-align: center;
  align-items: center;
  font-size: 1rem;
  color: #1a1a1a;
  text-transform: uppercase;
  height: 4rem;
  padding: 0 1rem;
  white-space: nowrap;
  -webkit-transition: color 0.3s ease-in-out;
  transition: color 0.3s ease-in-out;
}

.c0:hover {
  color: #696767;
}

<a
    class="c0"
    href="/contacts"
  >
    Kontakti
  </a>
</DocumentFragment>
`;
