// Jest Snapshot v1, https://goo.gl/fbAQLP

exports[`Service page should render correctly 1`] = `
<DocumentFragment>
  .c0 {
  display: -webkit-box;
  display: -webkit-flex;
  display: -ms-flexbox;
  display: flex;
  -webkit-flex-direction: column;
  -ms-flex-direction: column;
  flex-direction: column;
  -webkit-align-items: center;
  -webkit-box-align: center;
  -ms-flex-align: center;
  align-items: center;
  width: 70%;
  margin: 3rem 5rem;
}

.c2 {
  font-size: 1.5rem;
  font-weight: 600;
  margin-bottom: 1rem;
}

.c1 {
  width: 100%;
  height: auto;
  object-fit: cover;
  margin: 1rem 0;
}

.c3 {
  margin: 1rem 0;
  width: 80%;
}

<div
    class="c0"
  >
    <img
      alt="cover image"
      class="c1"
      data-nimg="1"
      decoding="async"
      height="1080"
      src="/_next/image?url=https%3A%2F%2Fimages.ctfassets.net%2Fsandie-clarke-q13Zq1Jufks-unsplash.jpg&w=3840&q=75"
      srcset="/_next/image?url=https%3A%2F%2Fimages.ctfassets.net%2Fsandie-clarke-q13Zq1Jufks-unsplash.jpg&w=1920&q=75 1x, /_next/image?url=https%3A%2F%2Fimages.ctfassets.net%2Fsandie-clarke-q13Zq1Jufks-unsplash.jpg&w=3840&q=75 2x"
      style="color: transparent;"
      width="1920"
    />
    <h2
      class="c2"
    >
      Service
    </h2>
    <div
      class="c3"
    >
      <p />
    </div>
  </div>
</DocumentFragment>
`;
