// Jest Snapshot v1, https://goo.gl/fbAQLP

exports[`Project Page matches the snapshot 1`] = `
<DocumentFragment>
  <div
    class="sc-7f6941fa-0 gKwPOZ"
  />
</DocumentFragment>
`;
