// Jest Snapshot v1, https://goo.gl/fbAQLP

exports[`Footer Component matches the snapshot 1`] = `
<DocumentFragment>
  .c1 {
  min-width: 9rem;
  height: 3rem;
  padding: 0 1rem;
  text-transform: uppercase;
  font-weight: 600;
  font-size: 1rem;
  transition: all 0.2s ease-in-out;
  cursor: pointer;
  background-color: #21412a;
  border: 2px solid #ededed;
  color: #ededed;
}

.c1:hover {
  background-color: #ededed;
  border-color: #21412a;
  color: #21412a;
}

.c0 {
  display: flex;
  flex-direction: column;
  width: 100%;
  height: 15rem;
  justify-content: center;
  align-items: center;
  margin: auto 0 0;
  padding-top: 5rem;
  background-color: #21412a;
}

.c2 {
  color: white;
  margin-bottom: 1rem;
  margin-top: auto;
}

<footer
    class="c0"
  >
    <a
      href="/contacts"
    >
      <button
        class="c1"
      >
        SazinƒÅties
      </button>
    </a>
    <p
      class="c2"
    >
      Copyright 2023 Hackerman
    </p>
  </footer>
</DocumentFragment>
`;
