// Jest Snapshot v1, https://goo.gl/fbAQLP

exports[`ImageContainer component matches the snapshot 1`] = `
<DocumentFragment>
  .c0 {
  display: grid;
  grid-template-columns: repeat(auto-fit,minmax(16rem,1fr));
  width: 100%;
  gap: 1rem;
  -webkit-box-pack: center;
  -webkit-justify-content: center;
  -ms-flex-pack: center;
  justify-content: center;
  margin-top: 2rem;
}

.c2 {
  position: absolute;
  object-fit: cover;
  top: 0;
  left: 0;
  width: 100%;
  height: 100%;
}

.c1 {
  position: relative;
  width: 100%;
  padding-top: 66%;
  overflow: hidden;
  cursor: pointer;
}

<div
    class="c0"
  >
    <div
      class="c1"
    >
      <img
        alt="project image"
        class="c2"
        data-nimg="1"
        decoding="async"
        height="270"
        loading="lazy"
        src="/_next/image?url=https%3A%2F%2Fimages.ctfassets.net%2Fsandie-clarke-q13Zq1Jufks-unsplash.jpg&w=1080&q=50"
        srcset="/_next/image?url=https%3A%2F%2Fimages.ctfassets.net%2Fsandie-clarke-q13Zq1Jufks-unsplash.jpg&w=640&q=50 1x, /_next/image?url=https%3A%2F%2Fimages.ctfassets.net%2Fsandie-clarke-q13Zq1Jufks-unsplash.jpg&w=1080&q=50 2x"
        style="color: transparent;"
        width="480"
      />
    </div>
    <div
      class="c1"
    >
      <img
        alt="project image"
        class="c2"
        data-nimg="1"
        decoding="async"
        height="270"
        loading="lazy"
        src="/_next/image?url=https%3A%2F%2Fimages.ctfassets.net%2Fsandie-clarke-q13Zq1Jufks-unsplash.jpg&w=1080&q=50"
        srcset="/_next/image?url=https%3A%2F%2Fimages.ctfassets.net%2Fsandie-clarke-q13Zq1Jufks-unsplash.jpg&w=640&q=50 1x, /_next/image?url=https%3A%2F%2Fimages.ctfassets.net%2Fsandie-clarke-q13Zq1Jufks-unsplash.jpg&w=1080&q=50 2x"
        style="color: transparent;"
        width="480"
      />
    </div>
  </div>
</DocumentFragment>
`;
