// Jest Snapshot v1, https://goo.gl/fbAQLP

exports[`ZoomedImage component matches the snapshot 1`] = `
<DocumentFragment>
  .c2 {
  width: 100%;
  height: auto;
}

.c1 {
  position: relative;
  max-width: 80%;
  max-height: 80%;
  padding-bottom: calc(80% * NaN);
}

.c0 {
  position: fixed;
  top: 0;
  left: 0;
  width: 100%;
  height: 100%;
  background-color: rgba(255,255,255,0.8);
  display: -webkit-box;
  display: -webkit-flex;
  display: -ms-flexbox;
  display: flex;
  -webkit-align-items: center;
  -webkit-box-align: center;
  -ms-flex-align: center;
  align-items: center;
  -webkit-box-pack: center;
  -webkit-justify-content: center;
  -ms-flex-pack: center;
  justify-content: center;
  padding: 5rem;
  z-index: 6;
}

<div
    class="c0"
  >
    <div
      class="c1"
    >
      <img
        alt="meow"
        class="c2"
        data-nimg="1"
        decoding="async"
        height="0"
        loading="lazy"
        src="/_next/image?url=https%3A%2F%2Fmeow.com&w=16&q=75"
        srcset="/_next/image?url=https%3A%2F%2Fmeow.com&w=16&q=75 1x"
        style="color: transparent;"
        width="0"
      />
    </div>
  </div>
</DocumentFragment>
`;
